[2026-04-29T14:44:29.861+0000] {taskinstance.py:1956} INFO - Dependencies all met for dep_context=non-requeueable deps ti=<TaskInstance: sus_pipeline.salvar_no_s3 manual__2026-04-29T14:00:16.206959+00:00 [queued]>
[2026-04-29T14:44:29.869+0000] {taskinstance.py:1956} INFO - Dependencies all met for dep_context=requeueable deps ti=<TaskInstance: sus_pipeline.salvar_no_s3 manual__2026-04-29T14:00:16.206959+00:00 [queued]>
[2026-04-29T14:44:29.870+0000] {taskinstance.py:2170} INFO - Starting attempt 2 of 2
[2026-04-29T14:44:29.886+0000] {taskinstance.py:2191} INFO - Executing <Task(PythonOperator): salvar_no_s3> on 2026-04-29 14:00:16.206959+00:00
[2026-04-29T14:44:29.892+0000] {standard_task_runner.py:60} INFO - Started process 4077 to run task
[2026-04-29T14:44:29.894+0000] {standard_task_runner.py:87} INFO - Running: ['***', 'tasks', 'run', 'sus_pipeline', 'salvar_no_s3', 'manual__2026-04-29T14:00:16.206959+00:00', '--job-id', '21', '--raw', '--subdir', 'DAGS_FOLDER/sus_pipeline.py', '--cfg-path', '/tmp/tmpa5vd0xu9']
[2026-04-29T14:44:29.896+0000] {standard_task_runner.py:88} INFO - Job 21: Subtask salvar_no_s3
[2026-04-29T14:44:29.942+0000] {task_command.py:423} INFO - Running <TaskInstance: sus_pipeline.salvar_no_s3 manual__2026-04-29T14:00:16.206959+00:00 [running]> on host a7e6afc000b8
[2026-04-29T14:44:30.218+0000] {taskinstance.py:2480} INFO - Exporting env vars: AIRFLOW_CTX_DAG_OWNER='kelli' AIRFLOW_CTX_DAG_ID='sus_pipeline' AIRFLOW_CTX_TASK_ID='salvar_no_s3' AIRFLOW_CTX_EXECUTION_DATE='2026-04-29T14:00:16.206959+00:00' AIRFLOW_CTX_TRY_NUMBER='2' AIRFLOW_CTX_DAG_RUN_ID='manual__2026-04-29T14:00:16.206959+00:00'
[2026-04-29T14:44:30.219+0000] {logging_mixin.py:188} INFO - Enviando dados para o S3...
[2026-04-29T14:44:32.310+0000] {taskinstance.py:2698} ERROR - Task failed with exception
Traceback (most recent call last):
  File "/home/airflow/.local/lib/python3.10/site-packages/airflow/models/taskinstance.py", line 433, in _execute_task
    result = execute_callable(context=context, **execute_callable_kwargs)
  File "/home/airflow/.local/lib/python3.10/site-packages/airflow/operators/python.py", line 199, in execute
    return_value = self.execute_callable()
  File "/home/airflow/.local/lib/python3.10/site-packages/airflow/operators/python.py", line 216, in execute_callable
    return self.python_callable(*self.op_args, **self.op_kwargs)
  File "/opt/airflow/dags/sus_pipeline.py", line 76, in salvar_no_s3
    s3.upload_file(caminho_completo, BUCKET, chave)
  File "/home/airflow/.local/lib/python3.10/site-packages/boto3/s3/inject.py", line 145, in upload_file
    return transfer.upload_file(
  File "/home/airflow/.local/lib/python3.10/site-packages/boto3/s3/transfer.py", line 371, in upload_file
    future.result()
  File "/home/airflow/.local/lib/python3.10/site-packages/s3transfer/futures.py", line 103, in result
    return self._coordinator.result()
  File "/home/airflow/.local/lib/python3.10/site-packages/s3transfer/futures.py", line 266, in result
    raise self._exception
  File "/home/airflow/.local/lib/python3.10/site-packages/s3transfer/tasks.py", line 139, in __call__
    return self._execute_main(kwargs)
  File "/home/airflow/.local/lib/python3.10/site-packages/s3transfer/tasks.py", line 162, in _execute_main
    return_value = self._main(**kwargs)
  File "/home/airflow/.local/lib/python3.10/site-packages/s3transfer/upload.py", line 764, in _main
    client.put_object(Bucket=bucket, Key=key, Body=body, **extra_args)
  File "/home/airflow/.local/lib/python3.10/site-packages/botocore/client.py", line 553, in _api_call
    return self._make_api_call(operation_name, kwargs)
  File "/home/airflow/.local/lib/python3.10/site-packages/botocore/client.py", line 989, in _make_api_call
    http, parsed_response = self._make_request(
  File "/home/airflow/.local/lib/python3.10/site-packages/botocore/client.py", line 1015, in _make_request
    return self._endpoint.make_request(operation_model, request_dict)
  File "/home/airflow/.local/lib/python3.10/site-packages/botocore/endpoint.py", line 119, in make_request
    return self._send_request(request_dict, operation_model)
  File "/home/airflow/.local/lib/python3.10/site-packages/botocore/endpoint.py", line 198, in _send_request
    request = self.create_request(request_dict, operation_model)
  File "/home/airflow/.local/lib/python3.10/site-packages/botocore/endpoint.py", line 134, in create_request
    self._event_emitter.emit(
  File "/home/airflow/.local/lib/python3.10/site-packages/botocore/hooks.py", line 412, in emit
    return self._emitter.emit(aliased_event_name, **kwargs)
  File "/home/airflow/.local/lib/python3.10/site-packages/botocore/hooks.py", line 256, in emit
    return self._emit(event_name, kwargs)
  File "/home/airflow/.local/lib/python3.10/site-packages/botocore/hooks.py", line 239, in _emit
    response = handler(**kwargs)
  File "/home/airflow/.local/lib/python3.10/site-packages/botocore/signers.py", line 105, in handler
    return self.sign(operation_name, request)
  File "/home/airflow/.local/lib/python3.10/site-packages/botocore/signers.py", line 195, in sign
    auth.add_auth(request)
  File "/home/airflow/.local/lib/python3.10/site-packages/botocore/auth.py", line 418, in add_auth
    raise NoCredentialsError()
botocore.exceptions.NoCredentialsError: Unable to locate credentials
[2026-04-29T14:44:32.320+0000] {taskinstance.py:1138} INFO - Marking task as FAILED. dag_id=sus_pipeline, task_id=salvar_no_s3, execution_date=20260429T140016, start_date=20260429T144429, end_date=20260429T144432
[2026-04-29T14:44:32.332+0000] {standard_task_runner.py:107} ERROR - Failed to execute job 21 for task salvar_no_s3 (Unable to locate credentials; 4077)
[2026-04-29T14:44:32.360+0000] {local_task_job_runner.py:234} INFO - Task exited with return code 1
[2026-04-29T14:44:32.376+0000] {taskinstance.py:3280} INFO - 0 downstream tasks scheduled from follow-on schedule check
